// Jest Snapshot v1, https://goo.gl/fbAQLP

exports[`Pruebas en el componente CounterApp El componente debe hacer  match con el snapshot 1`] = `
<div>
  <h1>
    CounterApp
  </h1>
  <h2>
     
    100
     
  </h2>
  <button
    data-testid="test-button-+1"
  >
     
    +1
     
  </button>
  <button
    data-testid="test-button--1"
  >
     
    -1
     
  </button>
  <button
    aria-label="test-button-reset"
  >
     
    Reset
     
  </button>
</div>
`;
